Testing model: stabilityai/stable-diffusion-xl-base-1.0...
Defaulting to 'auto' which will select the first provider available for the model, sorted by the user's order in https://hf.co/settings/inference-providers.
Auto selected provider: nscale
Testing model: runwayml/stable-diffusion-v1-5...
node.exe : Γ¥î 
Failed with stability
ai/stable-diffusion-x
l-base-1.0: Task 
'image-to-image' not 
supported for 
provider 'nscale'. 
Available tasks: text
-to-image,conversatio
nal
At C:\Program Files\n
odejs\npx.ps1:29 
char:3
+   & $NODE_EXE 
$NPX_CLI_JS $args
+   ~~~~~~~~~~~~~~~~~
~~~~~~~~~~~~
    + CategoryInfo   
           : NotSpe  
  cified: (Γ¥î Fai   
 led with...,conv    
ersational:Strin    
g) [], RemoteExc    
eption
    + FullyQualified 
   ErrorId : Native  
  CommandError
 
Defaulting to 'auto' which will select the first provider available for the model, sorted by the user's order in https://hf.co/settings/inference-providers.
Auto selected provider: undefined
Γ¥î Failed with runwa
yml/stable-diffusion-
v1-5: No Inference 
Provider available 
for model runwayml/st
able-diffusion-v1-5.
Testing model: timbrooks/instruct-pix2pix...
Defaulting to 'auto' which will select the first provider available for the model, sorted by the user's order in https://hf.co/settings/inference-providers.
Auto selected provider: undefined
Γ¥î Failed with timbr
ooks/instruct-pix2pix
: No Inference 
Provider available 
for model timbrooks/i
nstruct-pix2pix.
